// 重构日志: 19fa182f
// 重构日志: a9c1ea03
// 重构日志: b8d4c571
// 重构日志: 1eb80a6f
// 重构日志: a0b6dd40
// 重构日志: 7d06c3e0
// 重构日志: 82fdac78
// 重构日志: 56f03e2a
// 重构日志: a217db55
// 重构日志: 6727d675
// 重构日志: f5f23288
// 同步 ID: 7912dd24 @ Wed Aug  5 00:12:57 UTC 2026
// 重构日志: bc960ef8
// 同步 ID: 445deb13 @ Wed Aug  5 08:35:50 UTC 2026
// 重构日志: b4156c8d
// 同步 ID: ccdd6f56 @ Thu Aug  6 03:42:59 UTC 2026
// 重构日志: 66cdb0cc
// 重构日志: fa40e8d5
// 重构日志: 9a622a12
// 重构日志: a64789e5
// 同步 ID: a3ff004b @ Fri Aug  7 13:37:03 UTC 2026
// 同步 ID: 9100f6cc @ Fri Aug  7 15:26:12 UTC 2026
// 重构日志: 837d73b3
// 同步 ID: da33b12a @ Fri Aug  7 19:27:26 UTC 2026
// 重构日志: 07e0e90f
// 重构日志: eae91958
// 重构日志: b18770ad
// 重构日志: 1d7890f4
// 同步 ID: 1c30b4af @ Sat Aug  8 10:47:18 UTC 2026
// 同步 ID: 59ad2f98 @ Sat Aug  8 12:33:45 UTC 2026
